---
source: src/tui/app/tests/settings.rs
expression: s
---

 › Complex task.

   thought · 0.8s

   thought · 0.4s

 • tool_0 ({})

 • tool_1 ({})

 • tool_2 ({})

 • tool_3 ({})

 • risky_tool ({"x":1})

 • cleanup ({})

 Completed with one error.








›
 ACT                                                                             0% (0) m off [CWD]
