---
source: src/tui/app/tests/settings.rs
assertion_line: 786
expression: s
---

 › Hello

 Hi there!


                              Models · p

    NAME                                      CONTEXT  EFFORT
   *m                                              1k  off
   ────────────────────────────────────────────────────────────────
     add model
     switch active model
     edit provider
     check connection
     delete model
     delete provider





›
 ACT                                               0% (0) m off [CWD]
