---
source: src/tui/app/tests.rs
assertion_line: 4638
expression: s
---


 › Run the tests.


   ▾ activity · 1 calls · 0s
     ◜ bash  {"cmd":"cargo test"}



















────────────────────────────────────────────────────────────────────────────────────────────────────
›
────────────────────────────────────────────────────────────────────────────────────────────────────
 ACT                                                          cache 0% · 0% · 0 · m  ef:off [CWD]
