---
source: src/tui/app/tests.rs
assertion_line: 4492
expression: s
---




















──────────────────────────────────────────────────────────────────────
›
──────────────────────────────────────────────────────────────────────
 ACT                            cache 0% · 0% · 0 · m  ef:off [CWD]
