---
source: src/tui/app/tests.rs
assertion_line: 3415
expression: s
---






        sqwai 1.2.3 · /home/user/projects/myapp · main ✓ clean · test-model

        this project has no .sqwai yet
        /init create AGENTS.md and memory or just type a task

        type a task to start      tab  plan / act         ctrl+s  sessions
        ctrl+p  providers         ctrl+l  plan            ctrl+o  settings
        ?  help                   /init  set up project












────────────────────────────────────────────────────────────────────────────────────────────────────

────────────────────────────────────────────────────────────────────────────────────────────────────
 ACT                                                 cache 0% · 0% · 0 · test-model  ef:off [CWD]
