---
source: src/tui/app/tests.rs
expression: s
---


 › Run the tests.


   ▾ activity · 1 calls · 0s
     ⠋ bash  {"cmd":"cargo test"}



















────────────────────────────────────────────────────────────────────────────────────────────────────

────────────────────────────────────────────────────────────────────────────────────────────────────
 ACT                                               cache 0% · 0% · 0 · test-model ⠋  ef:off [CWD]
