---
source: src/tui/app/tests.rs
assertion_line: 3361
expression: s
---






        sqwai 1.2.3 · /home/user/projects/myapp · main ✓ clean · test-model

        ▸ active plan   "Refactor auth module"
          step 2/5 In progress
          memory        graph ready

        enter  continue plan      tab  plan / act         ctrl+s  sessions
        type a task to start      ctrl+p  providers       ctrl+l  plan
        ctrl+o  settings          ?  help











────────────────────────────────────────────────────────────────────────────────────────────────────

────────────────────────────────────────────────────────────────────────────────────────────────────
 ACT                                                 cache 0% · 0% · 0 · test-model  ef:off [CWD]
