---
source: src/tui/app/tests.rs
expression: s
---


 › Hello


 Hi there!





           ┌  p models  ────────────────────────────────────────────────────────────────┐
           │ m *  test-model · ctx 1000 · ef:off                                        │
           │ + add model                                                                │
           │ · switch active model                                                      │
           │ · edit provider                                                            │
           │ · delete model                                                             │
           │ · delete provider                                                          │
           └────────────────────────────────────────────────────────────────────────────┘







────────────────────────────────────────────────────────────────────────────────────────────────────

────────────────────────────────────────────────────────────────────────────────────────────────────
 ACT                                                 cache 0% · 0% · 0 · test-model  ef:off [CWD]
