---
source: src/tui/app/tests.rs
assertion_line: 3440
expression: s
---





  sqwai 1.2.3 · /home/user/projects/myapp · main ✓

  ▸ active plan   "Refactor auth module"
    step 2/5 In progress
    memory  graph ready

  enter  continue plan
  tab    plan / act
  /help  controls






──────────────────────────────────────────────────────────────────────

──────────────────────────────────────────────────────────────────────
 ACT                   cache 0% · 0% · 0 · test-model  ef:off [CWD]
