---
source: src/tui/app/tests.rs
assertion_line: 3416
expression: s
---






        sqwai 1.2.3 · /home/user/projects/myapp · main ✓ clean · test-model

        no active plan · last session 2025-01-15
        memory        graph ready

        recent        2025-01-15      Fix login bug           Completed
                      2025-01-14      Add dark mode           Completed

        type a task to start      tab  plan / act         ctrl+s  sessions
        ?  help










────────────────────────────────────────────────────────────────────────────────────────────────────

────────────────────────────────────────────────────────────────────────────────────────────────────
 ACT                                                 cache 0% · 0% · 0 · test-model  ef:off [CWD]
