---
source: src/tui/app/tests.rs
expression: s
---


 › Do many things.


   ▸ activity · 12 calls · 3s
 All done!



















────────────────────────────────────────────────────────────────────────────────────────────────────
›
────────────────────────────────────────────────────────────────────────────────────────────────────
 ACT                                                 cache 0% · 0% · 0 · test-model  ef:off [CWD]
