---
source: src/tui/app/tests.rs
expression: s
---


 › Run the tests.


   ⠋ bash  {"cmd":"cargo test"}














──────────────────────────────────────────────────────────────────────

──────────────────────────────────────────────────────────────────────
 ACT                 cache 0% · 0% · 0 · test-model ⠋  th:off [CWD]
