---
source: src/tui/app/tests.rs
expression: s
---





  sqwai 1.2.3 · /home/user/projects/myapp · main ✓

  no active plan
  memory  graph ready

  tab    plan / act
  /help  controls








──────────────────────────────────────────────────────────────────────
›
──────────────────────────────────────────────────────────────────────
 ACT                   cache 0% · 0% · 0 · test-model  ef:off [CWD]
