---
source: src/tui/app/tests.rs
assertion_line: 3456
expression: s
---





  sqwai 1.2.3 · /home/user/projects/myapp · main ✓

  no active plan
  memory  graph ready
  API key not set for provider 'openai'. Set OPENAI_API_KEY or add
  api_key to config.

  tab    plan / act
  ctrl+s sessions
  ?      help





──────────────────────────────────────────────────────────────────────

──────────────────────────────────────────────────────────────────────
 ACT                   cache 0% · 0% · 0 · test-model  ef:off [CWD]
