---
source: src/tui/app/tests.rs
assertion_line: 3448
expression: s
---






        sqwai 1.2.3 · /home/user/projects/myapp · main ✓ clean · test-model

        no active plan
        memory        MEMORY.md · diary 2025-01-14

        type a task to start      tab  plan / act         ctrl+s  sessions
        ctrl+p  providers         ctrl+l  plan            ctrl+o  settings
        ?  help












────────────────────────────────────────────────────────────────────────────────────────────────────

────────────────────────────────────────────────────────────────────────────────────────────────────
 ACT                                                 cache 0% · 0% · 0 · test-model  ef:off [CWD]
